Archive member included to satisfy reference by file (symbol)

C:/ST/STM32CubeIDE_1.13.2/STM32CubeIDE/plugins/com.st.stm32cube.ide.mcu.externaltools.gnu-tools-for-stm32.11.3.rel1.win32_1.1.100.202309141235/tools/bin/../lib/gcc/arm-none-eabi/11.3.1/../../../../arm-none-eabi/lib/thumb/v7e-m+fp/hard\libc_nano.a(libc_a-exit.o)
                              C:/ST/STM32CubeIDE_1.13.2/STM32CubeIDE/plugins/com.st.stm32cube.ide.mcu.externaltools.gnu-tools-for-stm32.11.3.rel1.win32_1.1.100.202309141235/tools/bin/../lib/gcc/arm-none-eabi/11.3.1/../../../../arm-none-eabi/lib/thumb/v7e-m+fp/hard/crt0.o (exit)
C:/ST/STM32CubeIDE_1.13.2/STM32CubeIDE/plugins/com.st.stm32cube.ide.mcu.externaltools.gnu-tools-for-stm32.11.3.rel1.win32_1.1.100.202309141235/tools/bin/../lib/gcc/arm-none-eabi/11.3.1/../../../../arm-none-eabi/lib/thumb/v7e-m+fp/hard\libc_nano.a(libc_a-findfp.o)
                              C:/ST/STM32CubeIDE_1.13.2/STM32CubeIDE/plugins/com.st.stm32cube.ide.mcu.externaltools.gnu-tools-for-stm32.11.3.rel1.win32_1.1.100.202309141235/tools/bin/../lib/gcc/arm-none-eabi/11.3.1/../../../../arm-none-eabi/lib/thumb/v7e-m+fp/hard\libc_nano.a(libc_a-exit.o) (__stdio_exit_handler)
C:/ST/STM32CubeIDE_1.13.2/STM32CubeIDE/plugins/com.st.stm32cube.ide.mcu.externaltools.gnu-tools-for-stm32.11.3.rel1.win32_1.1.100.202309141235/tools/bin/../lib/gcc/arm-none-eabi/11.3.1/../../../../arm-none-eabi/lib/thumb/v7e-m+fp/hard\libc_nano.a(libc_a-fwalk.o)
                              C:/ST/STM32CubeIDE_1.13.2/STM32CubeIDE/plugins/com.st.stm32cube.ide.mcu.externaltools.gnu-tools-for-stm32.11.3.rel1.win32_1.1.100.202309141235/tools/bin/../lib/gcc/arm-none-eabi/11.3.1/../../../../arm-none-eabi/lib/thumb/v7e-m+fp/hard\libc_nano.a(libc_a-findfp.o) (_fwalk_sglue)
C:/ST/STM32CubeIDE_1.13.2/STM32CubeIDE/plugins/com.st.stm32cube.ide.mcu.externaltools.gnu-tools-for-stm32.11.3.rel1.win32_1.1.100.202309141235/tools/bin/../lib/gcc/arm-none-eabi/11.3.1/../../../../arm-none-eabi/lib/thumb/v7e-m+fp/hard\libc_nano.a(libc_a-stdio.o)
                              C:/ST/STM32CubeIDE_1.13.2/STM32CubeIDE/plugins/com.st.stm32cube.ide.mcu.externaltools.gnu-tools-for-stm32.11.3.rel1.win32_1.1.100.202309141235/tools/bin/../lib/gcc/arm-none-eabi/11.3.1/../../../../arm-none-eabi/lib/thumb/v7e-m+fp/hard\libc_nano.a(libc_a-findfp.o) (__sread)
C:/ST/STM32CubeIDE_1.13.2/STM32CubeIDE/plugins/com.st.stm32cube.ide.mcu.externaltools.gnu-tools-for-stm32.11.3.rel1.win32_1.1.100.202309141235/tools/bin/../lib/gcc/arm-none-eabi/11.3.1/../../../../arm-none-eabi/lib/thumb/v7e-m+fp/hard\libc_nano.a(libc_a-memset.o)
                              C:/ST/STM32CubeIDE_1.13.2/STM32CubeIDE/plugins/com.st.stm32cube.ide.mcu.externaltools.gnu-tools-for-stm32.11.3.rel1.win32_1.1.100.202309141235/tools/bin/../lib/gcc/arm-none-eabi/11.3.1/../../../../arm-none-eabi/lib/thumb/v7e-m+fp/hard/crt0.o (memset)
C:/ST/STM32CubeIDE_1.13.2/STM32CubeIDE/plugins/com.st.stm32cube.ide.mcu.externaltools.gnu-tools-for-stm32.11.3.rel1.win32_1.1.100.202309141235/tools/bin/../lib/gcc/arm-none-eabi/11.3.1/../../../../arm-none-eabi/lib/thumb/v7e-m+fp/hard\libc_nano.a(libc_a-closer.o)
                              C:/ST/STM32CubeIDE_1.13.2/STM32CubeIDE/plugins/com.st.stm32cube.ide.mcu.externaltools.gnu-tools-for-stm32.11.3.rel1.win32_1.1.100.202309141235/tools/bin/../lib/gcc/arm-none-eabi/11.3.1/../../../../arm-none-eabi/lib/thumb/v7e-m+fp/hard\libc_nano.a(libc_a-stdio.o) (_close_r)
C:/ST/STM32CubeIDE_1.13.2/STM32CubeIDE/plugins/com.st.stm32cube.ide.mcu.externaltools.gnu-tools-for-stm32.11.3.rel1.win32_1.1.100.202309141235/tools/bin/../lib/gcc/arm-none-eabi/11.3.1/../../../../arm-none-eabi/lib/thumb/v7e-m+fp/hard\libc_nano.a(libc_a-reent.o)
                              C:/ST/STM32CubeIDE_1.13.2/STM32CubeIDE/plugins/com.st.stm32cube.ide.mcu.externaltools.gnu-tools-for-stm32.11.3.rel1.win32_1.1.100.202309141235/tools/bin/../lib/gcc/arm-none-eabi/11.3.1/../../../../arm-none-eabi/lib/thumb/v7e-m+fp/hard\libc_nano.a(libc_a-closer.o) (errno)
C:/ST/STM32CubeIDE_1.13.2/STM32CubeIDE/plugins/com.st.stm32cube.ide.mcu.externaltools.gnu-tools-for-stm32.11.3.rel1.win32_1.1.100.202309141235/tools/bin/../lib/gcc/arm-none-eabi/11.3.1/../../../../arm-none-eabi/lib/thumb/v7e-m+fp/hard\libc_nano.a(libc_a-impure.o)
                              C:/ST/STM32CubeIDE_1.13.2/STM32CubeIDE/plugins/com.st.stm32cube.ide.mcu.externaltools.gnu-tools-for-stm32.11.3.rel1.win32_1.1.100.202309141235/tools/bin/../lib/gcc/arm-none-eabi/11.3.1/../../../../arm-none-eabi/lib/thumb/v7e-m+fp/hard\libc_nano.a(libc_a-reent.o) (_impure_ptr)
C:/ST/STM32CubeIDE_1.13.2/STM32CubeIDE/plugins/com.st.stm32cube.ide.mcu.externaltools.gnu-tools-for-stm32.11.3.rel1.win32_1.1.100.202309141235/tools/bin/../lib/gcc/arm-none-eabi/11.3.1/../../../../arm-none-eabi/lib/thumb/v7e-m+fp/hard\libc_nano.a(libc_a-lseekr.o)
[...]
Memory Configuration

Name             Origin             Length             Attributes
RAM              0x0000000020000000 0x0000000000020000 xrw
FLASH            0x0000000008000000 0x0000000000080000 xr
*default*        0x0000000000000000 0xffffffffffffffff

Linker script and memory map

LOAD C:/ST/STM32CubeIDE_1.13.2/STM32CubeIDE/plugins/com.st.stm32cube.ide.mcu.externaltools.gnu-tools-for-stm32.11.3.rel1.win32_1.1.100.202309141235/tools/bin/../lib/gcc/arm-none-eabi/11.3.1/thumb/v7e-m+fp/hard/crti.o
LOAD C:/ST/STM32CubeIDE_1.13.2/STM32CubeIDE/plugins/com.st.stm32cube.ide.mcu.externaltools.gnu-tools-for-stm32.11.3.rel1.win32_1.1.100.202309141235/tools/bin/../lib/gcc/arm-none-eabi/11.3.1/thumb/v7e-m+fp/hard/crtbegin.o
LOAD C:/ST/STM32CubeIDE_1.13.2/STM32CubeIDE/plugins/com.st.stm32cube.ide.mcu.externaltools.gnu-tools-for-stm32.11.3.rel1.win32_1.1.100.202309141235/tools/bin/../lib/gcc/arm-none-eabi/11.3.1/../../../../arm-none-eabi/lib/thumb/v7e-m+fp/hard/crt0.o
LOAD ./Core/Src/main.o
LOAD ./Core/Src/stm32g4xx_hal_msp.o
LOAD ./Core/Src/stm32g4xx_it.o
LOAD ./Core/Src/syscalls.o
LOAD ./Core/Src/sysmem.o
LOAD ./Core/Src/system_stm32g4xx.o
LOAD ./Core/Startup/startup_stm32g474retx.o
LOAD ./Drivers/STM32G4xx_HAL_Driver/Src/stm32g4xx_hal.o
LOAD ./Drivers/STM32G4xx_HAL_Driver/Src/stm32g4xx_hal_cortex.o
LOAD ./Drivers/STM32G4xx_HAL_Driver/Src/stm32g4xx_hal_dma.o
LOAD ./Drivers/STM32G4xx_HAL_Driver/Src/stm32g4xx_hal_dma_ex.o
LOAD ./Drivers/STM32G4xx_HAL_Driver/Src/stm32g4xx_hal_exti.o
LOAD ./Drivers/STM32G4xx_HAL_Driver/Src/stm32g4xx_hal_flash.o
LOAD ./Drivers/STM32G4xx_HAL_Driver/Src/stm32g4xx_hal_flash_ex.o
LOAD ./Drivers/STM32G4xx_HAL_Driver/Src/stm32g4xx_hal_flash_ramfunc.o
LOAD ./Drivers/STM32G4xx_HAL_Driver/Src/stm32g4xx_hal_gpio.o
LOAD ./Drivers/STM32G4xx_HAL_Driver/Src/stm32g4xx_hal_pwr.o
LOAD ./Drivers/STM32G4xx_HAL_Driver/Src/stm32g4xx_hal_pwr_ex.o
LOAD ./Drivers/STM32G4xx_HAL_Driver/Src/stm32g4xx_hal_rcc.o
LOAD ./Drivers/STM32G4xx_HAL_Driver/Src/stm32g4xx_hal_rcc_ex.o
LOAD ./Drivers/STM32G4xx_HAL_Driver/Src/stm32g4xx_hal_tim.o
LOAD ./Drivers/STM32G4xx_HAL_Driver/Src/stm32g4xx_hal_tim_ex.o
LOAD ./Drivers/STM32G4xx_HAL_Driver/Src/stm32g4xx_hal_uart.o
LOAD ./Drivers/STM32G4xx_HAL_Driver/Src/stm32g4xx_hal_uart_ex.o
START GROUP
LOAD C:/ST/STM32CubeIDE_1.13.2/STM32CubeIDE/plugins/com.st.stm32cube.ide.mcu.externaltools.gnu-tools-for-stm32.11.3.rel1.win32_1.1.100.202309141235/tools/bin/../lib/gcc/arm-none-eabi/11.3.1/../../../../arm-none-eabi/lib/thumb/v7e-m+fp/hard\libc_nano.a
LOAD C:/ST/STM32CubeIDE_1.13.2/STM32CubeIDE/plugins/com.st.stm32cube.ide.mcu.externaltools.gnu-tools-for-stm32.11.3.rel1.win32_1.1.100.202309141235/tools/bin/../lib/gcc/arm-none-eabi/11.3.1/../../../../arm-none-eabi/lib/thumb/v7e-m+fp/hard\libm.a
END GROUP
START GROUP
LOAD C:/ST/STM32CubeIDE_1.13.2/STM32CubeIDE/plugins/com.st.stm32cube.ide.mcu.externaltools.gnu-tools-for-stm32.11.3.rel1.win32_1.1.100.202309141235/tools/bin/../lib/gcc/arm-none-eabi/11.3.1/thumb/v7e-m+fp/hard\libgcc.a
LOAD C:/ST/STM32CubeIDE_1.13.2/STM32CubeIDE/plugins/com.st.stm32cube.ide.mcu.externaltools.gnu-tools-for-stm32.11.3.rel1.win32_1.1.100.202309141235/tools/bin/../lib/gcc/arm-none-eabi/11.3.1/../../../../arm-none-eabi/lib/thumb/v7e-m+fp/hard\libc_nano.a
END GROUP
START GROUP
LOAD C:/ST/STM32CubeIDE_1.13.2/STM32CubeIDE/plugins/com.st.stm32cube.ide.mcu.externaltools.gnu-tools-for-stm32.11.3.rel1.win32_1.1.100.202309141235/tools/bin/../lib/gcc/arm-none-eabi/11.3.1/thumb/v7e-m+fp/hard\libgcc.a
LOAD C:/ST/STM32CubeIDE_1.13.2/STM32CubeIDE/plugins/com.st.stm32cube.ide.mcu.externaltools.gnu-tools-for-stm32.11.3.rel1.win32_1.1.100.202309141235/tools/bin/../lib/gcc/arm-none-eabi/11.3.1/../../../../arm-none-eabi/lib/thumb/v7e-m+fp/hard\libc_nano.a
LOAD C:/ST/STM32CubeIDE_1.13.2/STM32CubeIDE/plugins/com.st.stm32cube.ide.mcu.externaltools.gnu-tools-for-stm32.11.3.rel1.win32_1.1.100.202309141235/tools/bin/../lib/gcc/arm-none-eabi/11.3.1/../../../../arm-none-eabi/lib/thumb/v7e-m+fp/hard\libnosys.a
END GROUP
START GROUP
LOAD C:/ST/STM32CubeIDE_1.13.2/STM32CubeIDE/plugins/com.st.stm32cube.ide.mcu.externaltools.gnu-tools-for-stm32.11.3.rel1.win32_1.1.100.202309141235/tools/bin/../lib/gcc/arm-none-eabi/11.3.1/thumb/v7e-m+fp/hard\libgcc.a
LOAD C:/ST/STM32CubeIDE_1.13.2/STM32CubeIDE/plugins/com.st.stm32cube.ide.mcu.externaltools.gnu-tools-for-stm32.11.3.rel1.win32_1.1.100.202309141235/tools/bin/../lib/gcc/arm-none-eabi/11.3.1/../../../../arm-none-eabi/lib/thumb/v7e-m+fp/hard\libc_nano.a
LOAD C:/ST/STM32CubeIDE_1.13.2/STM32CubeIDE/plugins/com.st.stm32cube.ide.mcu.externaltools.gnu-tools-for-stm32.11.3.rel1.win32_1.1.100.202309141235/tools/bin/../lib/gcc/arm-none-eabi/11.3.1/../../../../arm-none-eabi/lib/thumb/v7e-m+fp/hard\libnosys.a
END GROUP
LOAD C:/ST/STM32CubeIDE_1.13.2/STM32CubeIDE/plugins/com.st.stm32cube.ide.mcu.externaltools.gnu-tools-for-stm32.11.3.rel1.win32_1.1.100.202309141235/tools/bin/../lib/gcc/arm-none-eabi/11.3.1/thumb/v7e-m+fp/hard/crtend.o
LOAD C:/ST/STM32CubeIDE_1.13.2/STM32CubeIDE/plugins/com.st.stm32cube.ide.mcu.externaltools.gnu-tools-for-stm32.11.3.rel1.win32_1.1.100.202309141235/tools/bin/../lib/gcc/arm-none-eabi/11.3.1/thumb/v7e-m+fp/hard/crtn.o
                0x0000000020020000                _estack = (ORIGIN (RAM) + LENGTH (RAM))
                0x0000000000000200                _Min_Heap_Size = 0x200
                0x0000000000000400                _Min_Stack_Size = 0x400

.isr_vector     0x0000000008000000      0x1d8
                0x0000000008000000                . = ALIGN (0x4)
 *(.isr_vector)
 .isr_vector    0x0000000008000000      0x1d8 ./Core/Startup/startup_stm32g474retx.o
                0x0000000008000000                g_pfnVectors
                0x00000000080001d8                . = ALIGN (0x4)

.text           0x00000000080001d8     0x2c60
                0x00000000080001d8                . = ALIGN (0x4)
 *(.text)
 .text          0x00000000080001d8       0x40 C:/ST/STM32CubeIDE_1.13.2/STM32CubeIDE/plugins/com.st.stm32cube.ide.mcu.externaltools.gnu-tools-for-stm32.11.3.rel1.win32_1.1.100.202309141235/tools/bin/../lib/gcc/arm-none-eabi/11.3.1/thumb/v7e-m+fp/hard/crtbegin.o
 .text          0x0000000008000218       0x30 C:/ST/STM32CubeIDE_1.13.2/STM32CubeIDE/plugins/com.st.stm32cube.ide.mcu.externaltools.gnu-tools-for-stm32.11.3.rel1.win32_1.1.100.202309141235/tools/bin/../lib/gcc/arm-none-eabi/11.3.1/thumb/v7e-m+fp/hard\libgcc.a(_aeabi_uldivmod.o)
                0x0000000008000218                __aeabi_uldivmod
 .text          0x0000000008000248      0x2c8 C:/ST/STM32CubeIDE_1.13.2/STM32CubeIDE/plugins/com.st.stm32cube.ide.mcu.externaltools.gnu-tools-for-stm32.11.3.rel1.win32_1.1.100.202309141235/tools/bin/../lib/gcc/arm-none-eabi/11.3.1/thumb/v7e-m+fp/hard\libgcc.a(_udivmoddi4.o)
                0x0000000008000248                __udivmoddi4
 .text          0x0000000008000510        0x4 C:/ST/STM32CubeIDE_1.13.2/STM32CubeIDE/plugins/com.st.stm32cube.ide.mcu.externaltools.gnu-tools-for-stm32.11.3.rel1.win32_1.1.100.202309141235/tools/bin/../lib/gcc/arm-none-eabi/11.3.1/thumb/v7e-m+fp/hard\libgcc.a(_dvmd_tls.o)
                0x0000000008000510                __aeabi_idiv0
                0x0000000008000510                __aeabi_ldiv0
 *(.text*)
 .text.main     0x0000000008000514       0x1a ./Core/Src/main.o
                0x0000000008000514                main
 .text.SystemClock_Config
                0x000000000800052e       0x96 ./Core/Src/main.o
                0x000000000800052e                SystemClock_Config
 .text.MX_LPUART1_UART_Init
                0x00000000080005c4       0x94 ./Core/Src/main.o
 .text.MX_GPIO_Init
                0x0000000008000658       0xdc ./Core/Src/main.o
 .text.HAL_GPIO_EXTI_Callback
                0x0000000008000734       0x48 ./Core/Src/main.o
                0x0000000008000734                HAL_GPIO_EXTI_Callback
 .text.led2     0x000000000800077c       0x54 ./Core/Src/main.o
                0x000000000800077c                led2
 .text.Error_Handler
                0x00000000080007d0        0xa ./Core/Src/main.o
                0x00000000080007d0                Error_Handler
 *fill*         0x00000000080007da        0x2 
 .text.HAL_MspInit
                0x00000000080007dc       0x48 ./Core/Src/stm32g4xx_hal_msp.o
                0x00000000080007dc                HAL_MspInit
 .text.HAL_UART_MspInit
                0x0000000008000824       0xb0 ./Core/Src/stm32g4xx_hal_msp.o
                0x0000000008000824                HAL_UART_MspInit
 .text.NMI_Handler
                0x00000000080008d4        0x6 ./Core/Src/stm32g4xx_it.o
                0x00000000080008d4                NMI_Handler
 .text.HardFault_Handler
                0x00000000080008da        0x6 ./Core/Src/stm32g4xx_it.o
                0x00000000080008da                HardFault_Handler
 .text.MemManage_Handler
                0x00000000080008e0        0x6 ./Core/Src/stm32g4xx_it.o
                0x00000000080008e0                MemManage_Handler
 .text.BusFault_Handler
                0x00000000080008e6        0x6 ./Core/Src/stm32g4xx_it.o
                0x00000000080008e6                BusFault_Handler
 .text.UsageFault_Handler
                0x00000000080008ec        0x6 ./Core/Src/stm32g4xx_it.o
                0x00000000080008ec                UsageFault_Handler
 .text.SVC_Handler
                0x00000000080008f2        0xe ./Core/Src/stm32g4xx_it.o
                0x00000000080008f2                SVC_Handler
 .text.DebugMon_Handler
                0x0000000008000900        0xe ./Core/Src/stm32g4xx_it.o
                0x0000000008000900                DebugMon_Handler
 .text.PendSV_Handler
                0x000000000800090e        0xe ./Core/Src/stm32g4xx_it.o
                0x000000000800090e                PendSV_Handler
 .text.SysTick_Handler
                0x000000000800091c        0xc ./Core/Src/stm32g4xx_it.o
                0x000000000800091c                SysTick_Handler
 .text.EXTI15_10_IRQHandler
                0x0000000008000928       0x10 ./Core/Src/stm32g4xx_it.o
                0x0000000008000928                EXTI15_10_IRQHandler
 .text.SystemInit
                0x0000000008000938       0x24 ./Core/Src/system_stm32g4xx.o
                0x0000000008000938                SystemInit
 .text.Reset_Handler
                0x000000000800095c       0x50 ./Core/Startup/startup_stm32g474retx.o
                0x000000000800095c                Reset_Handler
 .text.Default_Handler
                0x00000000080009ac        0x2 ./Core/Startup/startup_stm32g474retx.o
                0x00000000080009ac                RTC_Alarm_IRQHandler
                0x00000000080009ac                EXTI2_IRQHandler
                0x00000000080009ac                TIM8_TRG_COM_IRQHandler
                0x00000000080009ac                TIM8_CC_IRQHandler
                0x00000000080009ac                HRTIM1_Master_IRQHandler
                0x00000000080009ac                SPI4_IRQHandler
                0x00000000080009ac                FDCAN3_IT0_IRQHandler
                0x00000000080009ac                TIM1_CC_IRQHandler
                0x00000000080009ac                HRTIM1_FLT_IRQHandler
                0x00000000080009ac                HRTIM1_TIMF_IRQHandler
                0x00000000080009ac                USB_HP_IRQHandler
                0x00000000080009ac                CORDIC_IRQHandler
                0x00000000080009ac                HRTIM1_TIMD_IRQHandler
                0x00000000080009ac                DMA2_Channel8_IRQHandler
                0x00000000080009ac                EXTI3_IRQHandler
                0x00000000080009ac                I2C3_ER_IRQHandler
                0x00000000080009ac                EXTI0_IRQHandler
                0x00000000080009ac                I2C2_EV_IRQHandler
                0x00000000080009ac                FPU_IRQHandler
                0x00000000080009ac                FDCAN1_IT1_IRQHandler
                0x00000000080009ac                TIM1_UP_TIM16_IRQHandler
                0x00000000080009ac                ADC1_2_IRQHandler
                0x00000000080009ac                HRTIM1_TIME_IRQHandler
                0x00000000080009ac                SPI1_IRQHandler
                0x00000000080009ac                TIM6_DAC_IRQHandler
                0x00000000080009ac                HRTIM1_TIMC_IRQHandler
                0x00000000080009ac                TIM8_UP_IRQHandler
                0x00000000080009ac                DMA2_Channel2_IRQHandler
                0x00000000080009ac                DMA1_Channel4_IRQHandler
                0x00000000080009ac                TIM20_TRG_COM_IRQHandler
                0x00000000080009ac                USART3_IRQHandler
                0x00000000080009ac                DMA1_Channel7_IRQHandler
                0x00000000080009ac                UART5_IRQHandler
                0x00000000080009ac                ADC3_IRQHandler
                0x00000000080009ac                TIM4_IRQHandler
                0x00000000080009ac                DMA2_Channel1_IRQHandler
                0x00000000080009ac                QUADSPI_IRQHandler
                0x00000000080009ac                I2C1_EV_IRQHandler
                0x00000000080009ac                DMA1_Channel6_IRQHandler
                0x00000000080009ac                UART4_IRQHandler
                0x00000000080009ac                DMA2_Channel4_IRQHandler
                0x00000000080009ac                TIM3_IRQHandler
                0x00000000080009ac                RCC_IRQHandler
                0x00000000080009ac                TIM20_UP_IRQHandler
                0x00000000080009ac                DMA1_Channel1_IRQHandler
                0x00000000080009ac                Default_Handler
                0x00000000080009ac                DMA2_Channel7_IRQHandler
                0x00000000080009ac                RTC_TAMP_LSECSS_IRQHandler
                0x00000000080009ac                FMAC_IRQHandler
                0x00000000080009ac                DMA1_Channel8_IRQHandler
                0x00000000080009ac                HRTIM1_TIMA_IRQHandler
                0x00000000080009ac                TIM7_DAC_IRQHandler
                0x00000000080009ac                FDCAN3_IT1_IRQHandler
                0x00000000080009ac                TIM5_IRQHandler
                0x00000000080009ac                UCPD1_IRQHandler
                0x00000000080009ac                I2C3_EV_IRQHandler
                0x00000000080009ac                EXTI9_5_IRQHandler
                0x00000000080009ac                RTC_WKUP_IRQHandler
                0x00000000080009ac                PVD_PVM_IRQHandler
                0x00000000080009ac                SPI2_IRQHandler
                0x00000000080009ac                ADC5_IRQHandler
                0x00000000080009ac                DMA2_Channel5_IRQHandler
                0x00000000080009ac                CRS_IRQHandler
                0x00000000080009ac                DMA1_Channel5_IRQHandler
                0x00000000080009ac                USB_LP_IRQHandler
                0x00000000080009ac                EXTI4_IRQHandler
                0x00000000080009ac                RNG_IRQHandler
                0x00000000080009ac                HRTIM1_TIMB_IRQHandler
                0x00000000080009ac                TIM1_TRG_COM_TIM17_IRQHandler
                0x00000000080009ac                FDCAN2_IT1_IRQHandler
                0x00000000080009ac                DMA1_Channel3_IRQHandler
                0x00000000080009ac                ADC4_IRQHandler
                0x00000000080009ac                WWDG_IRQHandler
                0x00000000080009ac                I2C4_EV_IRQHandler
                0x00000000080009ac                FDCAN2_IT0_IRQHandler
                0x00000000080009ac                LPUART1_IRQHandler
                0x00000000080009ac                DMA2_Channel6_IRQHandler
                0x00000000080009ac                FDCAN1_IT0_IRQHandler
                0x00000000080009ac                TIM2_IRQHandler
                0x00000000080009ac                COMP7_IRQHandler
                0x00000000080009ac                COMP1_2_3_IRQHandler
                0x00000000080009ac                EXTI1_IRQHandler
                0x00000000080009ac                USART2_IRQHandler
                0x00000000080009ac                COMP4_5_6_IRQHandler
                0x00000000080009ac                TIM20_BRK_IRQHandler
                0x00000000080009ac                I2C2_ER_IRQHandler
                0x00000000080009ac                DMA1_Channel2_IRQHandler
                0x00000000080009ac                TIM8_BRK_IRQHandler
                0x00000000080009ac                FLASH_IRQHandler
                0x00000000080009ac                TIM20_CC_IRQHandler
                0x00000000080009ac                USART1_IRQHandler
                0x00000000080009ac                SPI3_IRQHandler
                0x00000000080009ac                I2C1_ER_IRQHandler
                0x00000000080009ac                FMC_IRQHandler
                0x00000000080009ac                LPTIM1_IRQHandler
                0x00000000080009ac                DMAMUX_OVR_IRQHandler
                0x00000000080009ac                I2C4_ER_IRQHandler
                0x00000000080009ac                USBWakeUp_IRQHandler
                0x00000000080009ac                SAI1_IRQHandler
                0x00000000080009ac                DMA2_Channel3_IRQHandler
                0x00000000080009ac                TIM1_BRK_TIM15_IRQHandler
 .text.HAL_Init
                0x00000000080009ae       0x30 ./Drivers/STM32G4xx_HAL_Driver/Src/stm32g4xx_hal.o
                0x00000000080009ae                HAL_Init
 *fill*         0x00000000080009de        0x2 
 .text.HAL_InitTick
                0x00000000080009e0       0x74 ./Drivers/STM32G4xx_HAL_Driver/Src/stm32g4xx_hal.o
                0x00000000080009e0                HAL_InitTick
 .text.HAL_IncTick
                0x0000000008000a54       0x24 ./Drivers/STM32G4xx_HAL_Driver/Src/stm32g4xx_hal.o
                0x0000000008000a54                HAL_IncTick
 .text.HAL_GetTick
                0x0000000008000a78       0x18 ./Drivers/STM32G4xx_HAL_Driver/Src/stm32g4xx_hal.o
                0x0000000008000a78                HAL_GetTick
 .text.HAL_Delay
                0x0000000008000a90       0x44 ./Drivers/STM32G4xx_HAL_Driver/Src/stm32g4xx_hal.o
                0x0000000008000a90                HAL_Delay
 .text.__NVIC_SetPriorityGrouping
                0x0000000008000ad4       0x48 ./Drivers/STM32G4xx_HAL_Driver/Src/stm32g4xx_hal_cortex.o
 .text.__NVIC_GetPriorityGrouping
                0x0000000008000b1c       0x1c ./Drivers/STM32G4xx_HAL_Driver/Src/stm32g4xx_hal_cortex.o
 .text.__NVIC_EnableIRQ
                0x0000000008000b38       0x3c ./Drivers/STM32G4xx_HAL_Driver/Src/stm32g4xx_hal_cortex.o
 .text.__NVIC_SetPriority
                0x0000000008000b74       0x54 ./Drivers/STM32G4xx_HAL_Driver/Src/stm32g4xx_hal_cortex.o
 .text.NVIC_EncodePriority
                0x0000000008000bc8       0x66 ./Drivers/STM32G4xx_HAL_Driver/Src/stm32g4xx_hal_cortex.o
 *fill*         0x0000000008000c2e        0x2 
 .text.SysTick_Config
                0x0000000008000c30       0x44 ./Drivers/STM32G4xx_HAL_Driver/Src/stm32g4xx_hal_cortex.o
 .text.HAL_NVIC_SetPriorityGrouping
                0x0000000008000c74       0x16 ./Drivers/STM32G4xx_HAL_Driver/Src/stm32g4xx_hal_cortex.o
                0x0000000008000c74                HAL_NVIC_SetPriorityGrouping
 .text.HAL_NVIC_SetPriority
                0x0000000008000c8a       0x34 ./Drivers/STM32G4xx_HAL_Driver/Src/stm32g4xx_hal_cortex.o
                0x0000000008000c8a                HAL_NVIC_SetPriority
 .text.HAL_NVIC_EnableIRQ
                0x0000000008000cbe       0x1c ./Drivers/STM32G4xx_HAL_Driver/Src/stm32g4xx_hal_cortex.o
                0x0000000008000cbe                HAL_NVIC_EnableIRQ
 .text.HAL_SYSTICK_Config
                0x0000000008000cda       0x18 ./Drivers/STM32G4xx_HAL_Driver/Src/stm32g4xx_hal_cortex.o
                0x0000000008000cda                HAL_SYSTICK_Config
 *fill*         0x0000000008000cf2        0x2 
 .text.HAL_GPIO_Init
                0x0000000008000cf4      0x304 ./Drivers/STM32G4xx_HAL_Driver/Src/stm32g4xx_hal_gpio.o
                0x0000000008000cf4                HAL_GPIO_Init
 .text.HAL_GPIO_WritePin
                0x0000000008000ff8       0x30 ./Drivers/STM32G4xx_HAL_Driver/Src/stm32g4xx_hal_gpio.o
                0x0000000008000ff8                HAL_GPIO_WritePin
 .text.HAL_GPIO_TogglePin
                0x0000000008001028       0x34 ./Drivers/STM32G4xx_HAL_Driver/Src/stm32g4xx_hal_gpio.o
                0x0000000008001028                HAL_GPIO_TogglePin
 .text.HAL_GPIO_EXTI_IRQHandler
                0x000000000800105c       0x30 ./Drivers/STM32G4xx_HAL_Driver/Src/stm32g4xx_hal_gpio.o
                0x000000000800105c                HAL_GPIO_EXTI_IRQHandler
 .text.HAL_PWREx_ControlVoltageScaling
                0x000000000800108c      0x148 ./Drivers/STM32G4xx_HAL_Driver/Src/stm32g4xx_hal_pwr_ex.o
                0x000000000800108c                HAL_PWREx_ControlVoltageScaling
 .text.HAL_PWREx_DisableUCPDDeadBattery
                0x00000000080011d4       0x20 ./Drivers/STM32G4xx_HAL_Driver/Src/stm32g4xx_hal_pwr_ex.o
                0x00000000080011d4                HAL_PWREx_DisableUCPDDeadBattery
 .text.HAL_RCC_OscConfig
                0x00000000080011f4      0x624 ./Drivers/STM32G4xx_HAL_Driver/Src/stm32g4xx_hal_rcc.o
                0x00000000080011f4                HAL_RCC_OscConfig
 .text.HAL_RCC_ClockConfig
                0x0000000008001818      0x278 ./Drivers/STM32G4xx_HAL_Driver/Src/stm32g4xx_hal_rcc.o
                0x0000000008001818                HAL_RCC_ClockConfig
 .text.HAL_RCC_GetSysClockFreq
                0x0000000008001a90       0xc4 ./Drivers/STM32G4xx_HAL_Driver/Src/stm32g4xx_hal_rcc.o
                0x0000000008001a90                HAL_RCC_GetSysClockFreq
 .text.HAL_RCC_GetHCLKFreq
                0x0000000008001b54       0x18 ./Drivers/STM32G4xx_HAL_Driver/Src/stm32g4xx_hal_rcc.o
                0x0000000008001b54                HAL_RCC_GetHCLKFreq
 .text.HAL_RCC_GetPCLK1Freq
                0x0000000008001b6c       0x2c ./Drivers/STM32G4xx_HAL_Driver/Src/stm32g4xx_hal_rcc.o
                0x0000000008001b6c                HAL_RCC_GetPCLK1Freq
 .text.HAL_RCC_GetPCLK2Freq
                0x0000000008001b98       0x2c ./Drivers/STM32G4xx_HAL_Driver/Src/stm32g4xx_hal_rcc.o
                0x0000000008001b98                HAL_RCC_GetPCLK2Freq
 .text.RCC_GetSysClockFreqFromPLLSource
                0x0000000008001bc4       0x8c ./Drivers/STM32G4xx_HAL_Driver/Src/stm32g4xx_hal_rcc.o
 .text.HAL_RCCEx_PeriphCLKConfig
                0x0000000008001c50      0x49c ./Drivers/STM32G4xx_HAL_Driver/Src/stm32g4xx_hal_rcc_ex.o
                0x0000000008001c50                HAL_RCCEx_PeriphCLKConfig
 .text.HAL_UART_Init
                0x00000000080020ec       0xa0 ./Drivers/STM32G4xx_HAL_Driver/Src/stm32g4xx_hal_uart.o
                0x00000000080020ec                HAL_UART_Init
 .text.UART_SetConfig
                0x000000000800218c      0x5f8 ./Drivers/STM32G4xx_HAL_Driver/Src/stm32g4xx_hal_uart.o
                0x000000000800218c                UART_SetConfig
 .text.UART_AdvFeatureConfig
                0x0000000008002784      0x144 ./Drivers/STM32G4xx_HAL_Driver/Src/stm32g4xx_hal_uart.o
                0x0000000008002784                UART_AdvFeatureConfig
 .text.UART_CheckIdleState
                0x00000000080028c8      0x154 ./Drivers/STM32G4xx_HAL_Driver/Src/stm32g4xx_hal_uart.o
                0x00000000080028c8                UART_CheckIdleState
 .text.UART_WaitOnFlagUntilTimeout
                0x0000000008002a1c       0xda ./Drivers/STM32G4xx_HAL_Driver/Src/stm32g4xx_hal_uart.o
                0x0000000008002a1c                UART_WaitOnFlagUntilTimeout
 .text.UART_EndRxTransfer
                0x0000000008002af6       0xcc ./Drivers/STM32G4xx_HAL_Driver/Src/stm32g4xx_hal_uart.o
 .text.HAL_UARTEx_DisableFifoMode
                0x0000000008002bc2       0x72 ./Drivers/STM32G4xx_HAL_Driver/Src/stm32g4xx_hal_uart_ex.o
                0x0000000008002bc2                HAL_UARTEx_DisableFifoMode
 .text.HAL_UARTEx_SetTxFifoThreshold
                0x0000000008002c34       0x7c ./Drivers/STM32G4xx_HAL_Driver/Src/stm32g4xx_hal_uart_ex.o
                0x0000000008002c34                HAL_UARTEx_SetTxFifoThreshold
 .text.HAL_UARTEx_SetRxFifoThreshold
                0x0000000008002cb0       0x7c ./Drivers/STM32G4xx_HAL_Driver/Src/stm32g4xx_hal_uart_ex.o
                0x0000000008002cb0                HAL_UARTEx_SetRxFifoThreshold
 .text.UARTEx_SetNbDataToProcess
                0x0000000008002d2c       0x9c ./Drivers/STM32G4xx_HAL_Driver/Src/stm32g4xx_hal_uart_ex.o
 .text.memset   0x0000000008002dc8       0x10 C:/ST/STM32CubeIDE_1.13.2/STM32CubeIDE/plugins/com.st.stm32cube.ide.mcu.externaltools.gnu-tools-for-stm32.11.3.rel1.win32_1.1.100.202309141235/tools/bin/../lib/gcc/arm-none-eabi/11.3.1/../../../../arm-none-eabi/lib/thumb/v7e-m+fp/hard\libc_nano.a(libc_a-memset.o)
                0x0000000008002dc8                memset
 .text.__libc_init_array
                0x0000000008002dd8       0x48 C:/ST/STM32CubeIDE_1.13.2/STM32CubeIDE/plugins/com.st.stm32cube.ide.mcu.externaltools.gnu-tools-for-stm32.11.3.rel1.win32_1.1.100.202309141235/tools/bin/../lib/gcc/arm-none-eabi/11.3.1/../../../../arm-none-eabi/lib/thumb/v7e-m+fp/hard\libc_nano.a(libc_a-init.o)
                0x0000000008002dd8                __libc_init_array
 *(.glue_7)
 .glue_7        0x0000000008002e20        0x0 linker stubs
 *(.glue_7t)
 .glue_7t       0x0000000008002e20        0x0 linker stubs
 *(.eh_frame)
 .eh_frame      0x0000000008002e20        0x0 C:/ST/STM32CubeIDE_1.13.2/STM32CubeIDE/plugins/com.st.stm32cube.ide.mcu.externaltools.gnu-tools-for-stm32.11.3.rel1.win32_1.1.100.202309141235/tools/bin/../lib/gcc/arm-none-eabi/11.3.1/thumb/v7e-m+fp/hard/crtbegin.o
 *(.init)
 .init          0x0000000008002e20        0x4 C:/ST/STM32CubeIDE_1.13.2/STM32CubeIDE/plugins/com.st.stm32cube.ide.mcu.externaltools.gnu-tools-for-stm32.11.3.rel1.win32_1.1.100.202309141235/tools/bin/../lib/gcc/arm-none-eabi/11.3.1/thumb/v7e-m+fp/hard/crti.o
                0x0000000008002e20                _init
 .init          0x0000000008002e24        0x8 C:/ST/STM32CubeIDE_1.13.2/STM32CubeIDE/plugins/com.st.stm32cube.ide.mcu.externaltools.gnu-tools-for-stm32.11.3.rel1.win32_1.1.100.202309141235/tools/bin/../lib/gcc/arm-none-eabi/11.3.1/thumb/v7e-m+fp/hard/crtn.o
 *(.fini)
 .fini          0x0000000008002e2c        0x4 C:/ST/STM32CubeIDE_1.13.2/STM32CubeIDE/plugins/com.st.stm32cube.ide.mcu.externaltools.gnu-tools-for-stm32.11.3.rel1.win32_1.1.100.202309141235/tools/bin/../lib/gcc/arm-none-eabi/11.3.1/thumb/v7e-m+fp/hard/crti.o
                0x0000000008002e2c                _fini
 .fini          0x0000000008002e30        0x8 C:/ST/STM32CubeIDE_1.13.2/STM32CubeIDE/plugins/com.st.stm32cube.ide.mcu.externaltools.gnu-tools-for-stm32.11.3.rel1.win32_1.1.100.202309141235/tools/bin/../lib/gcc/arm-none-eabi/11.3.1/thumb/v7e-m+fp/hard/crtn.o
                0x0000000008002e38                . = ALIGN (0x4)
                0x0000000008002e38                _etext = .

.vfp11_veneer   0x0000000008002e38        0x0
 .vfp11_veneer  0x0000000008002e38        0x0 linker stubs

.v4_bx          0x0000000008002e38        0x0
 .v4_bx         0x0000000008002e38        0x0 linker stubs

.iplt           0x0000000008002e38        0x0
 .iplt          0x0000000008002e38        0x0 C:/ST/STM32CubeIDE_1.13.2/STM32CubeIDE/plugins/com.st.stm32cube.ide.mcu.externaltools.gnu-tools-for-stm32.11.3.rel1.win32_1.1.100.202309141235/tools/bin/../lib/gcc/arm-none-eabi/11.3.1/thumb/v7e-m+fp/hard/crtbegin.o

.rodata         0x0000000008002e38       0x40
                0x0000000008002e38                . = ALIGN (0x4)
 *(.rodata)
 *(.rodata*)
 .rodata.AHBPrescTable
                0x0000000008002e38       0x10 ./Core/Src/system_stm32g4xx.o
                0x0000000008002e38                AHBPrescTable
 .rodata.APBPrescTable
                0x0000000008002e48        0x8 ./Core/Src/system_stm32g4xx.o
                0x0000000008002e48                APBPrescTable
 .rodata.UARTPrescTable
                0x0000000008002e50       0x18 ./Drivers/STM32G4xx_HAL_Driver/Src/stm32g4xx_hal_uart.o
                0x0000000008002e50                UARTPrescTable
 .rodata.numerator.1
                0x0000000008002e68        0x8 ./Drivers/STM32G4xx_HAL_Driver/Src/stm32g4xx_hal_uart_ex.o
 .rodata.denominator.0
                0x0000000008002e70        0x8 ./Drivers/STM32G4xx_HAL_Driver/Src/stm32g4xx_hal_uart_ex.o
                0x0000000008002e78                . = ALIGN (0x4)

.ARM.extab      0x0000000008002e78        0x0
                0x0000000008002e78                . = ALIGN (0x4)
 *(.ARM.extab* .gnu.linkonce.armextab.*)
                0x0000000008002e78                . = ALIGN (0x4)

.ARM            0x0000000008002e78        0x8
                0x0000000008002e78                . = ALIGN (0x4)
                0x0000000008002e78                __exidx_start = .
 *(.ARM.exidx*)
 .ARM.exidx     0x0000000008002e78        0x8 C:/ST/STM32CubeIDE_1.13.2/STM32CubeIDE/plugins/com.st.stm32cube.ide.mcu.externaltools.gnu-tools-for-stm32.11.3.rel1.win32_1.1.100.202309141235/tools/bin/../lib/gcc/arm-none-eabi/11.3.1/thumb/v7e-m+fp/hard\libgcc.a(_udivmoddi4.o)
                0x0000000008002e80                __exidx_end = .
                0x0000000008002e80                . = ALIGN (0x4)

.rel.dyn        0x0000000008002e80        0x0
 .rel.iplt      0x0000000008002e80        0x0 C:/ST/STM32CubeIDE_1.13.2/STM32CubeIDE/plugins/com.st.stm32cube.ide.mcu.externaltools.gnu-tools-for-stm32.11.3.rel1.win32_1.1.100.202309141235/tools/bin/../lib/gcc/arm-none-eabi/11.3.1/thumb/v7e-m+fp/hard/crtbegin.o

.preinit_array  0x0000000008002e80        0x0
                0x0000000008002e80                . = ALIGN (0x4)
                0x0000000008002e80                PROVIDE (__preinit_array_start = .)
 *(.preinit_array*)
                0x0000000008002e80                PROVIDE (__preinit_array_end = .)
                0x0000000008002e80                . = ALIGN (0x4)

.init_array     0x0000000008002e80        0x4
                0x0000000008002e80                . = ALIGN (0x4)
                0x0000000008002e80                PROVIDE (__init_array_start = .)
 *(SORT_BY_NAME(.init_array.*))
 *(.init_array*)
 .init_array    0x0000000008002e80        0x4 C:/ST/STM32CubeIDE_1.13.2/STM32CubeIDE/plugins/com.st.stm32cube.ide.mcu.externaltools.gnu-tools-for-stm32.11.3.rel1.win32_1.1.100.202309141235/tools/bin/../lib/gcc/arm-none-eabi/11.3.1/thumb/v7e-m+fp/hard/crtbegin.o
                0x0000000008002e84                PROVIDE (__init_array_end = .)
                0x0000000008002e84                . = ALIGN (0x4)

.fini_array     0x0000000008002e84        0x4
                0x0000000008002e84                . = ALIGN (0x4)
                [!provide]                        PROVIDE (__fini_array_start = .)
 *(SORT_BY_NAME(.fini_array.*))
 *(.fini_array*)
 .fini_array    0x0000000008002e84        0x4 C:/ST/STM32CubeIDE_1.13.2/STM32CubeIDE/plugins/com.st.stm32cube.ide.mcu.externaltools.gnu-tools-for-stm32.11.3.rel1.win32_1.1.100.202309141235/tools/bin/../lib/gcc/arm-none-eabi/11.3.1/thumb/v7e-m+fp/hard/crtbegin.o
                [!provide]                        PROVIDE (__fini_array_end = .)
                0x0000000008002e88                . = ALIGN (0x4)
                0x0000000008002e88                _sidata = LOADADDR (.data)

.data           0x0000000020000000       0x10 load address 0x0000000008002e88
                0x0000000020000000                . = ALIGN (0x4)
                0x0000000020000000                _sdata = .
 *(.data)
 *(.data*)
 .data.mode     0x0000000020000000        0x2 ./Core/Src/main.o
                0x0000000020000000                mode
 *fill*         0x0000000020000002        0x2 
 .data.SystemCoreClock
                0x0000000020000004        0x4 ./Core/Src/system_stm32g4xx.o
                0x0000000020000004                SystemCoreClock
 .data.uwTickPrio
                0x0000000020000008        0x4 ./Drivers/STM32G4xx_HAL_Driver/Src/stm32g4xx_hal.o
                0x0000000020000008                uwTickPrio
 .data.uwTickFreq
                0x000000002000000c        0x4 ./Drivers/STM32G4xx_HAL_Driver/Src/stm32g4xx_hal.o
                0x000000002000000c                uwTickFreq
 *(.RamFunc)
 *(.RamFunc*)
                0x0000000020000010                . = ALIGN (0x4)
                0x0000000020000010                _edata = .

.igot.plt       0x0000000020000010        0x0 load address 0x0000000008002e98
 .igot.plt      0x0000000020000010        0x0 C:/ST/STM32CubeIDE_1.13.2/STM32CubeIDE/plugins/com.st.stm32cube.ide.mcu.externaltools.gnu-tools-for-stm32.11.3.rel1.win32_1.1.100.202309141235/tools/bin/../lib/gcc/arm-none-eabi/11.3.1/thumb/v7e-m+fp/hard/crtbegin.o
                0x0000000020000010                . = ALIGN (0x4)

.bss            0x0000000020000010       0xb4 load address 0x0000000008002e98
                0x0000000020000010                _sbss = .
                0x0000000020000010                __bss_start__ = _sbss
 *(.bss)
 .bss           0x0000000020000010       0x1c C:/ST/STM32CubeIDE_1.13.2/STM32CubeIDE/plugins/com.st.stm32cube.ide.mcu.externaltools.gnu-tools-for-stm32.11.3.rel1.win32_1.1.100.202309141235/tools/bin/../lib/gcc/arm-none-eabi/11.3.1/thumb/v7e-m+fp/hard/crtbegin.o
 *(.bss*)
 .bss.hlpuart1  0x000000002000002c       0x94 ./Core/Src/main.o
                0x000000002000002c                hlpuart1
 .bss.uwTick    0x00000000200000c0        0x4 ./Drivers/STM32G4xx_HAL_Driver/Src/stm32g4xx_hal.o
                0x00000000200000c0                uwTick
 *(COMMON)
                0x00000000200000c4                . = ALIGN (0x4)
                0x00000000200000c4                _ebss = .
                0x00000000200000c4                __bss_end__ = _ebss

._user_heap_stack
                0x00000000200000c4      0x604 load address 0x0000000008002e98
                0x00000000200000c8                . = ALIGN (0x8)
 *fill*         0x00000000200000c4        0x4 
                [!provide]                        PROVIDE (end = .)
                0x00000000200000c8                PROVIDE (_end = .)
                0x00000000200002c8                . = (. + _Min_Heap_Size)
 *fill*         0x00000000200000c8      0x200 
                0x00000000200006c8                . = (. + _Min_Stack_Size)
 *fill*         0x00000000200002c8      0x400 
                0x00000000200006c8                . = ALIGN (0x8)

/DISCARD/
 libc.a(*)
 libm.a(*)
 libgcc.a(*)

.ARM.attributes
                0x0000000000000000       0x30
 *(.ARM.attributes)
 .ARM.attributes
                0x0000000000000000       0x1e C:/ST/STM32CubeIDE_1.13.2/STM32CubeIDE/plugins/com.st.stm32cube.ide.mcu.externaltools.gnu-tools-for-stm32.11.3.rel1.win32_1.1.100.202309141235/tools/bin/../lib/gcc/arm-none-eabi/11.3.1/thumb/v7e-m+fp/hard/crti.o
 .ARM.attributes
                0x000000000000001e       0x34 C:/ST/STM32CubeIDE_1.13.2/STM32CubeIDE/plugins/com.st.stm32cube.ide.mcu.externaltools.gnu-tools-for-stm32.11.3.rel1.win32_1.1.100.202309141235/tools/bin/../lib/gcc/arm-none-eabi/11.3.1/thumb/v7e-m+fp/hard/crtbegin.o
 .ARM.attributes
                0x0000000000000052       0x34 ./Core/Src/main.o
 .ARM.attributes
                0x0000000000000086       0x34 ./Core/Src/stm32g4xx_hal_msp.o
 .ARM.attributes
                0x00000000000000ba       0x34 ./Core/Src/stm32g4xx_it.o
 .ARM.attributes
                0x00000000000000ee       0x34 ./Core/Src/system_stm32g4xx.o
 .ARM.attributes
                0x0000000000000122       0x21 ./Core/Startup/startup_stm32g474retx.o
 .ARM.attributes
                0x0000000000000143       0x34 ./Drivers/STM32G4xx_HAL_Driver/Src/stm32g4xx_hal.o
 .ARM.attributes
                0x0000000000000177       0x34 ./Drivers/STM32G4xx_HAL_Driver/Src/stm32g4xx_hal_cortex.o
 .ARM.attributes
                0x00000000000001ab       0x34 ./Drivers/STM32G4xx_HAL_Driver/Src/stm32g4xx_hal_gpio.o
 .ARM.attributes
                0x00000000000001df       0x34 ./Drivers/STM32G4xx_HAL_Driver/Src/stm32g4xx_hal_pwr_ex.o
 .ARM.attributes
                0x0000000000000213       0x34 ./Drivers/STM32G4xx_HAL_Driver/Src/stm32g4xx_hal_rcc.o
 .ARM.attributes
                0x0000000000000247       0x34 ./Drivers/STM32G4xx_HAL_Driver/Src/stm32g4xx_hal_rcc_ex.o
 .ARM.attributes
                0x000000000000027b       0x34 ./Drivers/STM32G4xx_HAL_Driver/Src/stm32g4xx_hal_uart.o
 .ARM.attributes
                0x00000000000002af       0x34 ./Drivers/STM32G4xx_HAL_Driver/Src/stm32g4xx_hal_uart_ex.o
 .ARM.attributes
                0x00000000000002e3       0x34 C:/ST/STM32CubeIDE_1.13.2/STM32CubeIDE/plugins/com.st.stm32cube.ide.mcu.externaltools.gnu-tools-for-stm32.11.3.rel1.win32_1.1.100.202309141235/tools/bin/../lib/gcc/arm-none-eabi/11.3.1/../../../../arm-none-eabi/lib/thumb/v7e-m+fp/hard\libc_nano.a(libc_a-memset.o)
 .ARM.attributes
                0x0000000000000317       0x34 C:/ST/STM32CubeIDE_1.13.2/STM32CubeIDE/plugins/com.st.stm32cube.ide.mcu.externaltools.gnu-tools-for-stm32.11.3.rel1.win32_1.1.100.202309141235/tools/bin/../lib/gcc/arm-none-eabi/11.3.1/../../../../arm-none-eabi/lib/thumb/v7e-m+fp/hard\libc_nano.a(libc_a-init.o)
 .ARM.attributes
                0x000000000000034b       0x1e C:/ST/STM32CubeIDE_1.13.2/STM32CubeIDE/plugins/com.st.stm32cube.ide.mcu.externaltools.gnu-tools-for-stm32.11.3.rel1.win32_1.1.100.202309141235/tools/bin/../lib/gcc/arm-none-eabi/11.3.1/thumb/v7e-m+fp/hard\libgcc.a(_aeabi_uldivmod.o)
 .ARM.attributes
                0x0000000000000369       0x34 C:/ST/STM32CubeIDE_1.13.2/STM32CubeIDE/plugins/com.st.stm32cube.ide.mcu.externaltools.gnu-tools-for-stm32.11.3.rel1.win32_1.1.100.202309141235/tools/bin/../lib/gcc/arm-none-eabi/11.3.1/thumb/v7e-m+fp/hard\libgcc.a(_udivmoddi4.o)
 .ARM.attributes
                0x000000000000039d       0x1e C:/ST/STM32CubeIDE_1.13.2/STM32CubeIDE/plugins/com.st.stm32cube.ide.mcu.externaltools.gnu-tools-for-stm32.11.3.rel1.win32_1.1.100.202309141235/tools/bin/../lib/gcc/arm-none-eabi/11.3.1/thumb/v7e-m+fp/hard\libgcc.a(_dvmd_tls.o)
 .ARM.attributes
                0x00000000000003bb       0x1e C:/ST/STM32CubeIDE_1.13.2/STM32CubeIDE/plugins/com.st.stm32cube.ide.mcu.externaltools.gnu-tools-for-stm32.11.3.rel1.win32_1.1.100.202309141235/tools/bin/../lib/gcc/arm-none-eabi/11.3.1/thumb/v7e-m+fp/hard/crtn.o
OUTPUT(LAB_2_microcontroller.elf elf32-littlearm)
LOAD linker stubs
LOAD C:/ST/STM32CubeIDE_1.13.2/STM32CubeIDE/plugins/com.st.stm32cube.ide.mcu.externaltools.gnu-tools-for-stm32.11.3.rel1.win32_1.1.100.202309141235/tools/bin/../lib/gcc/arm-none-eabi/11.3.1/../../../../arm-none-eabi/lib/thumb/v7e-m+fp/hard\libc.a
LOAD C:/ST/STM32CubeIDE_1.13.2/STM32CubeIDE/plugins/com.st.stm32cube.ide.mcu.externaltools.gnu-tools-for-stm32.11.3.rel1.win32_1.1.100.202309141235/tools/bin/../lib/gcc/arm-none-eabi/11.3.1/../../../../arm-none-eabi/lib/thumb/v7e-m+fp/hard\libm.a
LOAD C:/ST/STM32CubeIDE_1.13.2/STM32CubeIDE/plugins/com.st.stm32cube.ide.mcu.externaltools.gnu-tools-for-stm32.11.3.rel1.win32_1.1.100.202309141235/tools/bin/../lib/gcc/arm-none-eabi/11.3.1/thumb/v7e-m+fp/hard\libgcc.a

.comment        0x0000000000000000       0x43
 .comment       0x0000000000000000       0x43 C:/ST/STM32CubeIDE_1.13.2/STM32CubeIDE/plugins/com.st.stm32cube.ide.mcu.externaltools.gnu-tools-for-stm32.11.3.rel1.win32_1.1.100.202309141235/tools/bin/../lib/gcc/arm-none-eabi/11.3.1/thumb/v7e-m+fp/hard/crtbegin.o
                                         0x44 (size before relaxing)
 .comment       0x0000000000000043       0x44 ./Core/Src/main.o
 .comment       0x0000000000000043       0x44 ./Core/Src/stm32g4xx_hal_msp.o
 .comment       0x0000000000000043       0x44 ./Core/Src/stm32g4xx_it.o
 .comment       0x0000000000000043       0x44 ./Core/Src/system_stm32g4xx.o
 .comment       0x0000000000000043       0x44 ./Drivers/STM32G4xx_HAL_Driver/Src/stm32g4xx_hal.o
 .comment       0x0000000000000043       0x44 ./Drivers/STM32G4xx_HAL_Driver/Src/stm32g4xx_hal_cortex.o
 .comment       0x0000000000000043       0x44 ./Drivers/STM32G4xx_HAL_Driver/Src/stm32g4xx_hal_gpio.o
 .comment       0x0000000000000043       0x44 ./Drivers/STM32G4xx_HAL_Driver/Src/stm32g4xx_hal_pwr_ex.o
 .comment       0x0000000000000043       0x44 ./Drivers/STM32G4xx_HAL_Driver/Src/stm32g4xx_hal_rcc.o
 .comment       0x0000000000000043       0x44 ./Drivers/STM32G4xx_HAL_Driver/Src/stm32g4xx_hal_rcc_ex.o
 .comment       0x0000000000000043       0x44 ./Drivers/STM32G4xx_HAL_Driver/Src/stm32g4xx_hal_uart.o
 .comment       0x0000000000000043       0x44 ./Drivers/STM32G4xx_HAL_Driver/Src/stm32g4xx_hal_uart_ex.o

.debug_info     0x0000000000000000     0xc055
 .debug_info    0x0000000000000000     0x11e8 ./Core/Src/main.o
 .debug_info    0x00000000000011e8      0xd6c ./Core/Src/stm32g4xx_hal_msp.o
 .debug_info    0x0000000000001f54      0x14c ./Core/Src/stm32g4xx_it.o
 .debug_info    0x00000000000020a0      0x58e ./Core/Src/system_stm32g4xx.o
 .debug_info    0x000000000000262e       0x23 ./Core/Startup/startup_stm32g474retx.o
 .debug_info    0x0000000000002651      0xb95 ./Drivers/STM32G4xx_HAL_Driver/Src/stm32g4xx_hal.o
 .debug_info    0x00000000000031e6      0xdad ./Drivers/STM32G4xx_HAL_Driver/Src/stm32g4xx_hal_cortex.o
 .debug_info    0x0000000000003f93      0x763 ./Drivers/STM32G4xx_HAL_Driver/Src/stm32g4xx_hal_gpio.o
 .debug_info    0x00000000000046f6      0x93f ./Drivers/STM32G4xx_HAL_Driver/Src/stm32g4xx_hal_pwr_ex.o
 .debug_info    0x0000000000005035      0xbe0 ./Drivers/STM32G4xx_HAL_Driver/Src/stm32g4xx_hal_rcc.o
 .debug_info    0x0000000000005c15      0xc45 ./Drivers/STM32G4xx_HAL_Driver/Src/stm32g4xx_hal_rcc_ex.o
 .debug_info    0x000000000000685a     0x481e ./Drivers/STM32G4xx_HAL_Driver/Src/stm32g4xx_hal_uart.o
 .debug_info    0x000000000000b078      0xfdd ./Drivers/STM32G4xx_HAL_Driver/Src/stm32g4xx_hal_uart_ex.o

.debug_abbrev   0x0000000000000000     0x1ad0
 .debug_abbrev  0x0000000000000000      0x2a5 ./Core/Src/main.o
 .debug_abbrev  0x00000000000002a5      0x1e4 ./Core/Src/stm32g4xx_hal_msp.o
 .debug_abbrev  0x0000000000000489       0xa0 ./Core/Src/stm32g4xx_it.o
 .debug_abbrev  0x0000000000000529      0x11a ./Core/Src/system_stm32g4xx.o
 .debug_abbrev  0x0000000000000643       0x12 ./Core/Startup/startup_stm32g474retx.o
 .debug_abbrev  0x0000000000000655      0x271 ./Drivers/STM32G4xx_HAL_Driver/Src/stm32g4xx_hal.o
 .debug_abbrev  0x00000000000008c6      0x31c ./Drivers/STM32G4xx_HAL_Driver/Src/stm32g4xx_hal_cortex.o
 .debug_abbrev  0x0000000000000be2      0x1cb ./Drivers/STM32G4xx_HAL_Driver/Src/stm32g4xx_hal_gpio.o
 .debug_abbrev  0x0000000000000dad      0x22c ./Drivers/STM32G4xx_HAL_Driver/Src/stm32g4xx_hal_pwr_ex.o
 .debug_abbrev  0x0000000000000fd9      0x2c9 ./Drivers/STM32G4xx_HAL_Driver/Src/stm32g4xx_hal_rcc.o
 .debug_abbrev  0x00000000000012a2      0x258 ./Drivers/STM32G4xx_HAL_Driver/Src/stm32g4xx_hal_rcc_ex.o
 .debug_abbrev  0x00000000000014fa      0x304 ./Drivers/STM32G4xx_HAL_Driver/Src/stm32g4xx_hal_uart.o
 .debug_abbrev  0x00000000000017fe      0x2d2 ./Drivers/STM32G4xx_HAL_Driver/Src/stm32g4xx_hal_uart_ex.o

.debug_aranges  0x0000000000000000      0x968
 .debug_aranges
                0x0000000000000000       0x50 ./Core/Src/main.o
 .debug_aranges
                0x0000000000000050       0x30 ./Core/Src/stm32g4xx_hal_msp.o
 .debug_aranges
                0x0000000000000080       0x68 ./Core/Src/stm32g4xx_it.o
 .debug_aranges
                0x00000000000000e8       0x28 ./Core/Src/system_stm32g4xx.o
 .debug_aranges
                0x0000000000000110       0x28 ./Core/Startup/startup_stm32g474retx.o
 .debug_aranges
                0x0000000000000138      0x148 ./Drivers/STM32G4xx_HAL_Driver/Src/stm32g4xx_hal.o
 .debug_aranges
                0x0000000000000280      0x118 ./Drivers/STM32G4xx_HAL_Driver/Src/stm32g4xx_hal_cortex.o
 .debug_aranges
                0x0000000000000398       0x58 ./Drivers/STM32G4xx_HAL_Driver/Src/stm32g4xx_hal_gpio.o
 .debug_aranges
                0x00000000000003f0      0x140 ./Drivers/STM32G4xx_HAL_Driver/Src/stm32g4xx_hal_pwr_ex.o
 .debug_aranges
                0x0000000000000530       0x98 ./Drivers/STM32G4xx_HAL_Driver/Src/stm32g4xx_hal_rcc.o
 .debug_aranges
                0x00000000000005c8       0xb0 ./Drivers/STM32G4xx_HAL_Driver/Src/stm32g4xx_hal_rcc_ex.o
 .debug_aranges
                0x0000000000000678      0x248 ./Drivers/STM32G4xx_HAL_Driver/Src/stm32g4xx_hal_uart.o
 .debug_aranges
                0x00000000000008c0       0xa8 ./Drivers/STM32G4xx_HAL_Driver/Src/stm32g4xx_hal_uart_ex.o

.debug_rnglists
                0x0000000000000000      0x739
 .debug_rnglists
                0x0000000000000000       0x3a ./Core/Src/main.o
 .debug_rnglists
                0x000000000000003a       0x20 ./Core/Src/stm32g4xx_hal_msp.o
 .debug_rnglists
                0x000000000000005a       0x49 ./Core/Src/stm32g4xx_it.o
 .debug_rnglists
                0x00000000000000a3       0x1a ./Core/Src/system_stm32g4xx.o
 .debug_rnglists
                0x00000000000000bd       0x19 ./Core/Startup/startup_stm32g474retx.o
 .debug_rnglists
                0x00000000000000d6       0xf1 ./Drivers/STM32G4xx_HAL_Driver/Src/stm32g4xx_hal.o
 .debug_rnglists
                0x00000000000001c7       0xce ./Drivers/STM32G4xx_HAL_Driver/Src/stm32g4xx_hal_cortex.o
 .debug_rnglists
                0x0000000000000295       0x3f ./Drivers/STM32G4xx_HAL_Driver/Src/stm32g4xx_hal_gpio.o
 .debug_rnglists
                0x00000000000002d4       0xf1 ./Drivers/STM32G4xx_HAL_Driver/Src/stm32g4xx_hal_pwr_ex.o
 .debug_rnglists
                0x00000000000003c5       0x74 ./Drivers/STM32G4xx_HAL_Driver/Src/stm32g4xx_hal_rcc.o
 .debug_rnglists
                0x0000000000000439       0x87 ./Drivers/STM32G4xx_HAL_Driver/Src/stm32g4xx_hal_rcc_ex.o
 .debug_rnglists
                0x00000000000004c0      0x1fa ./Drivers/STM32G4xx_HAL_Driver/Src/stm32g4xx_hal_uart.o
 .debug_rnglists
                0x00000000000006ba       0x7f ./Drivers/STM32G4xx_HAL_Driver/Src/stm32g4xx_hal_uart_ex.o

.debug_macro    0x0000000000000000    0x23eba
 .debug_macro   0x0000000000000000      0x1c9 ./Core/Src/main.o
 .debug_macro   0x00000000000001c9      0xaa8 ./Core/Src/main.o
 .debug_macro   0x0000000000000c71      0x155 ./Core/Src/main.o
 .debug_macro   0x0000000000000dc6       0x2e ./Core/Src/main.o
 .debug_macro   0x0000000000000df4       0x28 ./Core/Src/main.o
 .debug_macro   0x0000000000000e1c       0x22 ./Core/Src/main.o
 .debug_macro   0x0000000000000e3e       0x8e ./Core/Src/main.o
 .debug_macro   0x0000000000000ecc       0x51 ./Core/Src/main.o
 .debug_macro   0x0000000000000f1d      0x103 ./Core/Src/main.o
 .debug_macro   0x0000000000001020       0x6a ./Core/Src/main.o
 .debug_macro   0x000000000000108a      0x1df ./Core/Src/main.o
 .debug_macro   0x0000000000001269       0x1c ./Core/Src/main.o
 .debug_macro   0x0000000000001285       0x22 ./Core/Src/main.o
 .debug_macro   0x00000000000012a7       0xfb ./Core/Src/main.o
 .debug_macro   0x00000000000013a2     0x1011 ./Core/Src/main.o
 .debug_macro   0x00000000000023b3      0x11f ./Core/Src/main.o
 .debug_macro   0x00000000000024d2    0x18b45 ./Core/Src/main.o
 .debug_macro   0x000000000001b017       0x6d ./Core/Src/main.o
 .debug_macro   0x000000000001b084     0x354d ./Core/Src/main.o
 .debug_macro   0x000000000001e5d1      0x174 ./Core/Src/main.o
 .debug_macro   0x000000000001e745       0x5c ./Core/Src/main.o
 .debug_macro   0x000000000001e7a1     0x171f ./Core/Src/main.o
 .debug_macro   0x000000000001fec0      0x600 ./Core/Src/main.o
 .debug_macro   0x00000000000204c0      0x1b6 ./Core/Src/main.o
 .debug_macro   0x0000000000020676      0x34a ./Core/Src/main.o
 .debug_macro   0x00000000000209c0      0x53c ./Core/Src/main.o
 .debug_macro   0x0000000000020efc      0x18b ./Core/Src/main.o
 .debug_macro   0x0000000000021087       0x43 ./Core/Src/main.o
 .debug_macro   0x00000000000210ca      0x23d ./Core/Src/main.o
 .debug_macro   0x0000000000021307      0x211 ./Core/Src/main.o
 .debug_macro   0x0000000000021518      0x45c ./Core/Src/main.o
 .debug_macro   0x0000000000021974      0x11c ./Core/Src/main.o
 .debug_macro   0x0000000000021a90      0x122 ./Core/Src/main.o
 .debug_macro   0x0000000000021bb2      0x3d1 ./Core/Src/main.o
 .debug_macro   0x0000000000021f83      0x693 ./Core/Src/main.o
 .debug_macro   0x0000000000022616       0xa6 ./Core/Src/main.o
 .debug_macro   0x00000000000226bc      0x358 ./Core/Src/main.o
 .debug_macro   0x0000000000022a14       0x5e ./Core/Src/main.o
 .debug_macro   0x0000000000022a72      0x1c9 ./Core/Src/stm32g4xx_hal_msp.o
 .debug_macro   0x0000000000022c3b      0x1d3 ./Core/Src/stm32g4xx_it.o
 .debug_macro   0x0000000000022e0e      0x1ba ./Core/Src/system_stm32g4xx.o
 .debug_macro   0x0000000000022fc8      0x208 ./Drivers/STM32G4xx_HAL_Driver/Src/stm32g4xx_hal.o
 .debug_macro   0x00000000000231d0      0x1ba ./Drivers/STM32G4xx_HAL_Driver/Src/stm32g4xx_hal_cortex.o
 .debug_macro   0x000000000002338a      0x1c1 ./Drivers/STM32G4xx_HAL_Driver/Src/stm32g4xx_hal_gpio.o
 .debug_macro   0x000000000002354b      0x1e4 ./Drivers/STM32G4xx_HAL_Driver/Src/stm32g4xx_hal_pwr_ex.o
 .debug_macro   0x000000000002372f      0x1fc ./Drivers/STM32G4xx_HAL_Driver/Src/stm32g4xx_hal_rcc.o
 .debug_macro   0x000000000002392b      0x1e4 ./Drivers/STM32G4xx_HAL_Driver/Src/stm32g4xx_hal_rcc_ex.o
 .debug_macro   0x0000000000023b0f      0x1e5 ./Drivers/STM32G4xx_HAL_Driver/Src/stm32g4xx_hal_uart.o
 .debug_macro   0x0000000000023cf4      0x1c6 ./Drivers/STM32G4xx_HAL_Driver/Src/stm32g4xx_hal_uart_ex.o

.debug_line     0x0000000000000000     0xbb65
 .debug_line    0x0000000000000000      0x8af ./Core/Src/main.o
 .debug_line    0x00000000000008af      0x79b ./Core/Src/stm32g4xx_hal_msp.o
 .debug_line    0x000000000000104a      0x813 ./Core/Src/stm32g4xx_it.o
 .debug_line    0x000000000000185d      0x7a2 ./Core/Src/system_stm32g4xx.o
 .debug_line    0x0000000000001fff       0x7b ./Core/Startup/startup_stm32g474retx.o
 .debug_line    0x000000000000207a      0xb61 ./Drivers/STM32G4xx_HAL_Driver/Src/stm32g4xx_hal.o
 .debug_line    0x0000000000002bdb      0xccc ./Drivers/STM32G4xx_HAL_Driver/Src/stm32g4xx_hal_cortex.o
 .debug_line    0x00000000000038a7      0xb5c ./Drivers/STM32G4xx_HAL_Driver/Src/stm32g4xx_hal_gpio.o
 .debug_line    0x0000000000004403      0xcd0 ./Drivers/STM32G4xx_HAL_Driver/Src/stm32g4xx_hal_pwr_ex.o
 .debug_line    0x00000000000050d3      0xf29 ./Drivers/STM32G4xx_HAL_Driver/Src/stm32g4xx_hal_rcc.o
 .debug_line    0x0000000000005ffc     0x123c ./Drivers/STM32G4xx_HAL_Driver/Src/stm32g4xx_hal_rcc_ex.o
 .debug_line    0x0000000000007238     0x3ba9 ./Drivers/STM32G4xx_HAL_Driver/Src/stm32g4xx_hal_uart.o
 .debug_line    0x000000000000ade1      0xd84 ./Drivers/STM32G4xx_HAL_Driver/Src/stm32g4xx_hal_uart_ex.o

.debug_str      0x0000000000000000    0xe57fa
 .debug_str     0x0000000000000000    0xe2f61 ./Core/Src/main.o
                                      0xe3286 (size before relaxing)
 .debug_str     0x00000000000e2f61      0x266 ./Core/Src/stm32g4xx_hal_msp.o
                                      0xe2bd9 (size before relaxing)
 .debug_str     0x00000000000e31c7       0xf7 ./Core/Src/stm32g4xx_it.o
                                      0xe22ea (size before relaxing)
 .debug_str     0x00000000000e32be       0xdb ./Core/Src/system_stm32g4xx.o
                                      0xe22ca (size before relaxing)
 .debug_str     0x00000000000e3399       0x34 ./Core/Startup/startup_stm32g474retx.o
                                         0x6a (size before relaxing)
 .debug_str     0x00000000000e33cd      0x5e3 ./Drivers/STM32G4xx_HAL_Driver/Src/stm32g4xx_hal.o
                                      0xe2fdc (size before relaxing)
 .debug_str     0x00000000000e39b0      0x331 ./Drivers/STM32G4xx_HAL_Driver/Src/stm32g4xx_hal_cortex.o
                                      0xe2c60 (size before relaxing)
 .debug_str     0x00000000000e3ce1       0xd7 ./Drivers/STM32G4xx_HAL_Driver/Src/stm32g4xx_hal_gpio.o
                                      0xe2455 (size before relaxing)
 .debug_str     0x00000000000e3db8      0x4a5 ./Drivers/STM32G4xx_HAL_Driver/Src/stm32g4xx_hal_pwr_ex.o
                                      0xe27b8 (size before relaxing)
 .debug_str     0x00000000000e425d      0x506 ./Drivers/STM32G4xx_HAL_Driver/Src/stm32g4xx_hal_rcc.o
                                      0xe29e9 (size before relaxing)
 .debug_str     0x00000000000e4763      0x414 ./Drivers/STM32G4xx_HAL_Driver/Src/stm32g4xx_hal_rcc_ex.o
                                      0xe2a13 (size before relaxing)
 .debug_str     0x00000000000e4b77      0xa18 ./Drivers/STM32G4xx_HAL_Driver/Src/stm32g4xx_hal_uart.o
                                      0xe3285 (size before relaxing)
 .debug_str     0x00000000000e558f      0x26b ./Drivers/STM32G4xx_HAL_Driver/Src/stm32g4xx_hal_uart_ex.o
                                      0xe2a83 (size before relaxing)

.debug_frame    0x0000000000000000     0x25ac
 .debug_frame   0x0000000000000000       0xec ./Core/Src/main.o
 .debug_frame   0x00000000000000ec       0x80 ./Core/Src/stm32g4xx_hal_msp.o
 .debug_frame   0x000000000000016c      0x120 ./Core/Src/stm32g4xx_it.o
 .debug_frame   0x000000000000028c       0x58 ./Core/Src/system_stm32g4xx.o
 .debug_frame   0x00000000000002e4      0x500 ./Drivers/STM32G4xx_HAL_Driver/Src/stm32g4xx_hal.o
 .debug_frame   0x00000000000007e4      0x498 ./Drivers/STM32G4xx_HAL_Driver/Src/stm32g4xx_hal_cortex.o
 .debug_frame   0x0000000000000c7c      0x14c ./Drivers/STM32G4xx_HAL_Driver/Src/stm32g4xx_hal_gpio.o
 .debug_frame   0x0000000000000dc8      0x4fc ./Drivers/STM32G4xx_HAL_Driver/Src/stm32g4xx_hal_pwr_ex.o
 .debug_frame   0x00000000000012c4      0x23c ./Drivers/STM32G4xx_HAL_Driver/Src/stm32g4xx_hal_rcc.o
 .debug_frame   0x0000000000001500      0x2ac ./Drivers/STM32G4xx_HAL_Driver/Src/stm32g4xx_hal_rcc_ex.o
 .debug_frame   0x00000000000017ac      0xa94 ./Drivers/STM32G4xx_HAL_Driver/Src/stm32g4xx_hal_uart.o
 .debug_frame   0x0000000000002240      0x2c0 ./Drivers/STM32G4xx_HAL_Driver/Src/stm32g4xx_hal_uart_ex.o
 .debug_frame   0x0000000000002500       0x20 C:/ST/STM32CubeIDE_1.13.2/STM32CubeIDE/plugins/com.st.stm32cube.ide.mcu.externaltools.gnu-tools-for-stm32.11.3.rel1.win32_1.1.100.202309141235/tools/bin/../lib/gcc/arm-none-eabi/11.3.1/../../../../arm-none-eabi/lib/thumb/v7e-m+fp/hard\libc_nano.a(libc_a-memset.o)
 .debug_frame   0x0000000000002520       0x2c C:/ST/STM32CubeIDE_1.13.2/STM32CubeIDE/plugins/com.st.stm32cube.ide.mcu.externaltools.gnu-tools-for-stm32.11.3.rel1.win32_1.1.100.202309141235/tools/bin/../lib/gcc/arm-none-eabi/11.3.1/../../../../arm-none-eabi/lib/thumb/v7e-m+fp/hard\libc_nano.a(libc_a-init.o)
 .debug_frame   0x000000000000254c       0x2c C:/ST/STM32CubeIDE_1.13.2/STM32CubeIDE/plugins/com.st.stm32cube.ide.mcu.externaltools.gnu-tools-for-stm32.11.3.rel1.win32_1.1.100.202309141235/tools/bin/../lib/gcc/arm-none-eabi/11.3.1/thumb/v7e-m+fp/hard\libgcc.a(_aeabi_uldivmod.o)
 .debug_frame   0x0000000000002578       0x34 C:/ST/STM32CubeIDE_1.13.2/STM32CubeIDE/plugins/com.st.stm32cube.ide.mcu.externaltools.gnu-tools-for-stm32.11.3.rel1.win32_1.1.100.202309141235/tools/bin/../lib/gcc/arm-none-eabi/11.3.1/thumb/v7e-m+fp/hard\libgcc.a(_udivmoddi4.o)

.debug_line_str
                0x0000000000000000       0x5e
 .debug_line_str
                0x0000000000000000       0x5e ./Core/Startup/startup_stm32g474retx.o
                                         0x76 (size before relaxing)
