../Core/Src/main.c:75:5:main	8	static
../Core/Src/main.c:125:6:SystemClock_Config	88	static
../Core/Src/main.c:172:13:MX_ADC1_Init	56	static
../Core/Src/main.c:249:13:MX_LPUART1_UART_Init	8	static
../Core/Src/main.c:294:13:MX_DMA_Init	16	static
../Core/Src/main.c:313:13:MX_GPIO_Init	48	static
../Core/Src/main.c:350:6:HAL_GPIO_EXTI_Callback	16	static
../Core/Src/main.c:367:6:led2	8	static
../Core/Src/main.c:383:6:Average_ADC_Value	24	static
../Core/Src/main.c:401:6:Error_Handler	4	static,ignoring_inline_asm
